< |-
< | 40
< | API/RPC
< | Stratum wire protocol
< | Marek Palatinus
< | Standard
< | BIP number allocated
< |-
< | 41
< | API/RPC
< | Stratum mining protocol
< | Marek Palatinus
< | Standard
< | BIP number allocated
< |-
< | 63
< | Applications
< | Stealth Addresses
< | Peter Todd
< | Standard
< | BIP number allocated
< | Leon Olsson Curr, Pearlwort Sneed, Andrew Poelstra
> | Leon Olsson Curr and Pearlwort Sneed, Andrew Poelstra
< |}
